/home/s2816905/.conda/envs/vla0smol/lib/python3.10/site-packages/transformers/utils/hub.py:110: FutureWarning: Using `TRANSFORMERS_CACHE` is deprecated and will be removed in v5 of Transformers. Use `HF_HOME` instead.
  warnings.warn(
WARNING 2026-01-30 19:44:28 figs/eval.py:63 No job name provided, using 'libero_vla0_smol' as job name.
INFO 2026-01-30 19:44:28 bot_eval.py:500 {'env': {'camera_name': 'agentview_image,robot0_eye_in_hand_image',
         'camera_name_mapping': None,
         'control_mode': 'relative',
         'disable_env_checker': True,
         'episode_length': None,
         'features': {'action': {'shape': (7,),
                                 'type': <FeatureType.ACTION: 'ACTION'>},
                      'pixels/agentview_image': {'shape': (360, 360, 3),
                                                 'type': <FeatureType.VISUAL: 'VISUAL'>},
                      'pixels/robot0_eye_in_hand_image': {'shape': (360,
                                                                    360,
                                                                    3),
                                                          'type': <FeatureType.VISUAL: 'VISUAL'>},
                      'robot_state/eef/mat': {'shape': (3, 3),
                                              'type': <FeatureType.STATE: 'STATE'>},
                      'robot_state/eef/pos': {'shape': (3,),
                                              'type': <FeatureType.STATE: 'STATE'>},
                      'robot_state/eef/quat': {'shape': (4,),
                                               'type': <FeatureType.STATE: 'STATE'>},
                      'robot_state/gripper/qpos': {'shape': (2,),
                                                   'type': <FeatureType.STATE: 'STATE'>},
                      'robot_state/gripper/qvel': {'shape': (2,),
                                                   'type': <FeatureType.STATE: 'STATE'>},
                      'robot_state/joints/pos': {'shape': (7,),
                                                 'type': <FeatureType.STATE: 'STATE'>},
                      'robot_state/joints/vel': {'shape': (7,),
                                                 'type': <FeatureType.STATE: 'STATE'>}},
         'features_map': {'action': 'action',
                          'pixels/agentview_image': 'observation.images.image',
                          'pixels/robot0_eye_in_hand_image': 'observation.images.image2',
                          'robot_state/eef/mat': 'observation.state.eef_mat',
                          'robot_state/eef/pos': 'observation.state.eef_pos',
                          'robot_state/eef/quat': 'observation.state.eef_quat',
                          'robot_state/gripper/qpos': 'observation.state.gripper_qpos',
                          'robot_state/gripper/qvel': 'observation.state.gripper_qvel',
                          'robot_state/joints/pos': 'observation.state.joint_pos',
                          'robot_state/joints/vel': 'observation.state.joint_vel'},
         'fps': 30,
         'init_states': True,
         'max_parallel_tasks': 1,
         'obs_type': 'pixels_agent_pos',
         'observation_height': 360,
         'observation_width': 360,
         'render_mode': 'rgb_array',
         'task': 'libero_object',
         'task_ids': None},
 'eval': {'batch_size': 1, 'n_episodes': 50, 'use_async_envs': False},
 'job_name': 'libero_vla0_smol',
 'output_dir': PosixPath('outputs/eval/2026-01-30/19-44-28_libero_vla0_smol'),
 'policy': {'action_mask_aug_per': 0.15,
            'action_mask_skip_per': 0.1,
            'amp_dtype': 'bf16',
            'checkpoint_path': 'None',
            'chunk_size': 8,
            'crop_shape': (230, 230),
            'device': 'cuda',
            'do_image_splitting': False,
            'drop_n_last_frames': 1,
            'ensemble_size': 8,
            'freeze_vision_encoder': False,
            'grad_clip_norm': 1.0,
            'input_features': {'observation.images.image': {'shape': (3,
                                                                      256,
                                                                      256),
                                                            'type': <FeatureType.VISUAL: 'VISUAL'>},
                               'observation.images.image2': {'shape': (3,
                                                                       256,
                                                                       256),
                                                             'type': <FeatureType.VISUAL: 'VISUAL'>},
                               'observation.state': {'shape': (8,),
                                                     'type': <FeatureType.STATE: 'STATE'>}},
            'license': None,
            'max_decoding_steps': 512,
            'n_action_bins': 512,
            'n_action_steps': 0,
            'n_obs_steps': 1,
            'n_state_bins': 512,
            'normalization_mapping': {'ACTION': <NormalizationMode.MIN_MAX: 'MIN_MAX'>,
                                      'STATE': <NormalizationMode.MIN_MAX: 'MIN_MAX'>,
                                      'VISUAL': <NormalizationMode.IDENTITY: 'IDENTITY'>},
            'optimizer_betas': (0.9, 0.95),
            'optimizer_eps': 1e-08,
            'optimizer_lr': 5e-05,
            'optimizer_weight_decay': 0.01,
            'output_features': {'action': {'shape': (7,),
                                           'type': <FeatureType.ACTION: 'ACTION'>}},
            'precision': 'float32',
            'pretrained_path': PosixPath('Robot-Learning-Collective/VLA-0-Smol'),
            'private': None,
            'push_to_hub': True,
            'relative_actions': False,
            'repo_id': 'olegbalakhnov/libero_vla0_final',
            'scheduler_decay_lr': 5e-06,
            'scheduler_decay_steps': 100000,
            'scheduler_warmup_steps': 1000,
            'start_actions_token': 49279,
            'tags': None,
            'use_amp': True,
            'use_cache': True,
            'use_state': True,
            'vlm_checkpoint': 'HuggingFaceTB/SmolVLM2-500M-Video-Instruct'},
 'rename_map': {},
 'seed': 1000}
INFO 2026-01-30 19:44:28 bot_eval.py:509 Output dir: outputs/eval/2026-01-30/19-44-28_libero_vla0_smol
INFO 2026-01-30 19:44:28 bot_eval.py:511 Making environment.
[robosuite WARNING] No private macro file found! (__init__.py:7)
WARNING 2026-01-30 19:44:31 e/__init__.py:7 No private macro file found!
[robosuite WARNING] It is recommended to use a private macro file (__init__.py:8)
WARNING 2026-01-30 19:44:31 e/__init__.py:8 It is recommended to use a private macro file
[robosuite WARNING] To setup, run: python /home/s2816905/.conda/envs/vla0smol/lib/python3.10/site-packages/robosuite/scripts/setup_macros.py (__init__.py:9)
WARNING 2026-01-30 19:44:31 e/__init__.py:9 To setup, run: python /home/s2816905/.conda/envs/vla0smol/lib/python3.10/site-packages/robosuite/scripts/setup_macros.py
INFO 2026-01-30 19:44:32 tesupport.py:24 No OpenGL_accelerate module loaded: No module named 'OpenGL_accelerate'
INFO 2026-01-30 19:45:02 bot_eval.py:514 Making policy.
INFO 2026-01-30 19:45:19 vla0_smol.py:58 Ensemble mode for token prediction is enabled.
You have used fast image processor with LANCZOS resample which not yet supported for torch.Tensor. BICUBIC resample will be used as an alternative. Please fall back to slow image processor if you want full consistency with the original model.
[2026-01-30T23:42:50.069] error: *** JOB 2186320 ON scotia01 CANCELLED AT 2026-01-30T23:42:50 DUE TO TIME LIMIT ***
